(fun (con integer) [Maybe_5 (all a_25 (type) (fun a_25 a_25))])