(delay (lam case_True_4473 (lam case_False_4474 case_False_4474)))